][2025-06-29 02:44:22] local.ERROR: Failed to verify email {"error":"Connection could not be established with host \"ssl://multimilla.com:465\": stream_socket_client(): Unable to connect to ssl://multimilla.com:465 (Connection timed out)"} 
[2025-06-29 02:46:27] local.ERROR: Failed to verify email {"error":"Connection could not be established with host \"ssl://multimilla.com:465\": stream_socket_client(): Unable to connect to ssl://multimilla.com:465 (Connection timed out)"} 
[2025-06-29 05:00:18] local.ERROR: Failed to verify email {"error":"Connection could not be established with host \"ssl://multimilla.com:465\": stream_socket_client(): Unable to connect to ssl://multimilla.com:465 (Connection timed out)"} 
[2025-07-01 06:33:45] local.ERROR: Failed to verify email {"error":"Connection could not be established with host \"ssl://multimilla.com:465\": stream_socket_client(): Unable to connect to ssl://multimilla.com:465 (Connection timed out)"} 
[2025-07-02 01:12:32] local.ERROR: Failed to verify email {"error":"Connection could not be established with host \"ssl://multimilla.com:465\": stream_socket_client(): Unable to connect to ssl://multimilla.com:465 (Connection timed out)"} 
[2025-07-02 01:14:11] local.ERROR: Failed to verify email {"error":"Connection could not be established with host \"multimilla.com:587\": stream_socket_client(): Unable to connect to multimilla.com:587 (Connection timed out)"} 
[2025-07-02 01:14:38] local.ERROR: Cannot declare class App\Console\Commands\ProcessPackageCycles, because the name is already in use {"exception":"[object] (Symfony\\Component\\ErrorHandler\\Error\\FatalError(code: 0): Cannot declare class App\\Console\\Commands\\ProcessPackageCycles, because the name is already in use at /home/multsujh/lsapp/app/Console/Commands/processPackageCycle.php:12)
[stacktrace]
#0 {main}
"} 
[2025-07-02 01:14:38] local.ERROR: Cannot declare class App\Console\Commands\ProcessPackageCycles, because the name is already in use {"exception":"[object] (Symfony\\Component\\ErrorHandler\\Error\\FatalError(code: 0): Cannot declare class App\\Console\\Commands\\ProcessPackageCycles, because the name is already in use at /home/multsujh/lsapp/app/Console/Commands/processPackageCycle.php:12)
[stacktrace]
#0 {main}
"} 
[2025-07-02 01:16:09] local.ERROR: Failed to verify email {"error":"Connection could not be established with host \"multimilla.com:587\": stream_socket_client(): Unable to connect to multimilla.com:587 (Connection timed out)"} 
[2025-07-02 01:21:18] local.ERROR: Failed to verify email {"error":"Connection could not be established with host \"ssl://multimilla.com:465\": stream_socket_client(): Unable to connect to ssl://multimilla.com:465 (Connection timed out)"} 
[2025-07-15 13:29:11] local.INFO: Monnify Webhook Received: {"payload":{"eventData":{"product":{"reference":"7b94c49c-2609-49be-9ad1-9f64c83c90aa","type":"RESERVED_ACCOUNT"},"transactionReference":"MNFY|38|20250715142909|090325","paymentReference":"MNFY|38|20250715142909|090325","paidOn":"2025-07-15 14:29:09.0","paymentDescription":"OKO","metaData":[],"paymentSourceInformation":[{"bankCode":"305","amountPaid":100,"accountName":"SAMUEL ABUCHI OKOYE","sessionId":"MIT|TMP|APT00003250715132907136856923623|1945113403274162176_CREDIT_0","accountNumber":"9154063995"}],"destinationAccountInformation":{"bankCode":"50515","bankName":"Moniepoint Microfinance Bank","accountNumber":"6026255153"},"amountPaid":100,"totalPayable":100,"cardDetails":[],"paymentMethod":"ACCOUNT_TRANSFER","currency":"NGN","settlementAmount":"98.39","paymentStatus":"PAID","customer":{"name":"Samuel abuchi okoye","email":"samuelokoye86@gmail.com"}},"eventType":"SUCCESSFUL_TRANSACTION"}} 
[2025-07-15 13:29:11] local.DEBUG: Signature verification: {"received":"3a80a65fdcb7893c2e4ab04e8a372e6bdff4b0a3190edea08eb2fa59875d45c213fa201a4c4acc9c13701ba39a2773573853be762c7082d9ba565bfb4fb7e558","expected":"3a80a65fdcb7893c2e4ab04e8a372e6bdff4b0a3190edea08eb2fa59875d45c213fa201a4c4acc9c13701ba39a2773573853be762c7082d9ba565bfb4fb7e558"} 
[2025-07-15 13:29:11] local.INFO: Successfully processed payment {"customer_id":28,"amount":100,"old_balance":"12826790","new_balance":12826890,"reference":"MNFY|38|20250715142909|090325"} 
[2025-07-15 13:29:52] local.INFO: Monnify Webhook Received: {"payload":{"eventData":{"product":{"reference":"7b94c49c-2609-49be-9ad1-9f64c83c90aa","type":"RESERVED_ACCOUNT"},"transactionReference":"MNFY|38|20250715142951|090395","paymentReference":"MNFY|38|20250715142951|090395","paidOn":"2025-07-15 14:29:52.0","paymentDescription":"OKO","metaData":[],"paymentSourceInformation":[{"bankCode":"305","amountPaid":100,"accountName":"SAMUEL ABUCHI OKOYE","sessionId":"MIT|TMP|APT00003250715132949136857531837|1945113581101199360_CREDIT_0","accountNumber":"9154063995"}],"destinationAccountInformation":{"bankCode":"50515","bankName":"Moniepoint Microfinance Bank","accountNumber":"6026255153"},"amountPaid":100,"totalPayable":100,"cardDetails":[],"paymentMethod":"ACCOUNT_TRANSFER","currency":"NGN","settlementAmount":"98.39","paymentStatus":"PAID","customer":{"name":"Samuel abuchi okoye","email":"samuelokoye86@gmail.com"}},"eventType":"SUCCESSFUL_TRANSACTION"}} 
[2025-07-15 13:29:52] local.DEBUG: Signature verification: {"received":"4969f8511242d86eb52da4a89ff3260900d8a74d65715bcd662c649ddd4936f0e5fcd9f57cde03ec96c71c4563790287deb401ceab5fc9ba2c23722bc144f637","expected":"4969f8511242d86eb52da4a89ff3260900d8a74d65715bcd662c649ddd4936f0e5fcd9f57cde03ec96c71c4563790287deb401ceab5fc9ba2c23722bc144f637"} 
[2025-07-15 13:29:52] local.INFO: Successfully processed payment {"customer_id":28,"amount":100,"old_balance":"12826890","new_balance":12826990,"reference":"MNFY|38|20250715142951|090395"} 
[2025-08-26 18:12:33] local.INFO: Monnify Webhook Received: {"payload":{"eventData":{"product":{"reference":"e12119aa-d191-4d42-9b79-5f2aac6ec56d","type":"RESERVED_ACCOUNT"},"transactionReference":"MNFY|01|20250826191232|021942","paymentReference":"MNFY|01|20250826191232|021942","paidOn":"2025-08-26 19:12:32.0","paymentDescription":"SUN","metaData":[],"paymentSourceInformation":[{"bankCode":"120003","amountPaid":100,"accountName":"FRANCIS ADEDAYO","sessionId":"MIT|CRP|120003250826191230714327569324|1960405009927962624_CREDIT_0","accountNumber":"9035741544"}],"destinationAccountInformation":{"bankCode":"50515","accountName":"SUN","bankName":"Moniepoint Microfinance Bank","accountNumber":"6113924371"},"amountPaid":100,"totalPayable":100,"cardDetails":[],"paymentMethod":"ACCOUNT_TRANSFER","currency":"NGN","settlementAmount":"98.39","paymentStatus":"PAID","customer":{"name":"Taiwo Sunday","email":"annaleona00@gmail.com"}},"eventType":"SUCCESSFUL_TRANSACTION"}} 
[2025-08-26 18:12:33] local.DEBUG: Signature verification: {"received":"bc5eb3eeb92002cf48c6cf6bb8cb80fd444f24a921f3a9bff85fb25183376ab671f923e06a555cda60da666b26e330fe6f7d7af3d7042646e2c9f0fa1bf4408e","expected":"bc5eb3eeb92002cf48c6cf6bb8cb80fd444f24a921f3a9bff85fb25183376ab671f923e06a555cda60da666b26e330fe6f7d7af3d7042646e2c9f0fa1bf4408e"} 
[2025-08-26 18:12:33] local.INFO: Successfully processed payment {"customer_id":33,"amount":100,"old_balance":"12","new_balance":112,"reference":"MNFY|01|20250826191232|021942"} 
[2025-09-05 09:26:20] local.ERROR: Exception occurred {"message":"cURL error 28: Operation timed out after 30002 milliseconds with 0 bytes received (see https://curl.haxx.se/libcurl/c/libcurl-errors.html) for https://vtpass.com/api/merchant-verify","trace":"#0 /home/multsujh/lsapp/vendor/laravel/framework/src/Illuminate/Support/helpers.php(319): Illuminate\\Http\\Client\\PendingRequest->Illuminate\\Http\\Client\\{closure}()
#1 /home/multsujh/lsapp/vendor/laravel/framework/src/Illuminate/Http/Client/PendingRequest.php(905): retry()
#2 /home/multsujh/lsapp/vendor/laravel/framework/src/Illuminate/Http/Client/PendingRequest.php(804): Illuminate\\Http\\Client\\PendingRequest->send()
#3 /home/multsujh/lsapp/app/Services/VtpassService.php(180): Illuminate\\Http\\Client\\PendingRequest->post()
#4 /home/multsujh/lsapp/app/Http/Controllers/Api/V1/CustomerController.php(319): App\\Services\\VTPassService->verifySmartCardNo()
#5 /home/multsujh/lsapp/vendor/laravel/framework/src/Illuminate/Routing/ControllerDispatcher.php(46): App\\Http\\Controllers\\Api\\V1\\CustomerController->verifySmartCardNo()
#6 /home/multsujh/lsapp/vendor/laravel/framework/src/Illuminate/Routing/Route.php(264): Illuminate\\Routing\\ControllerDispatcher->dispatch()
#7 /home/multsujh/lsapp/vendor/laravel/framework/src/Illuminate/Routing/Route.php(210): Illuminate\\Routing\\Route->runController()
#8 /home/multsujh/lsapp/vendor/laravel/framework/src/Illuminate/Routing/Router.php(808): Illuminate\\Routing\\Route->run()
#9 /home/multsujh/lsapp/vendor/laravel/framework/src/Illuminate/Pipeline/Pipeline.php(144): Illuminate\\Routing\\Router->Illuminate\\Routing\\{closure}()
#10 /home/multsujh/lsapp/vendor/laravel/framework/src/Illuminate/Routing/Middleware/SubstituteBindings.php(51): Illuminate\\Pipeline\\Pipeline->Illuminate\\Pipeline\\{closure}()
#11 /home/multsujh/lsapp/vendor/laravel/framework/src/Illuminate/Pipeline/Pipeline.php(183): Illuminate\\Routing\\Middleware\\SubstituteBindings->handle()
#12 /home/multsujh/lsapp/vendor/laravel/framework/src/Illuminate/Auth/Middleware/Authenticate.php(64): Illuminate\\Pipeline\\Pipeline->Illuminate\\Pipeline\\{closure}()
#13 /home/multsujh/lsapp/vendor/laravel/framework/src/Illuminate/Pipeline/Pipeline.php(183): Illuminate\\Auth\\Middleware\\Authenticate->handle()
#14 /home/multsujh/lsapp/vendor/laravel/framework/src/Illuminate/Pipeline/Pipeline.php(119): Illuminate\\Pipeline\\Pipeline->Illuminate\\Pipeline\\{closure}()
#15 /home/multsujh/lsapp/vendor/laravel/framework/src/Illuminate/Routing/Router.php(807): Illuminate\\Pipeline\\Pipeline->then()
#16 /home/multsujh/lsapp/vendor/laravel/framework/src/Illuminate/Routing/Router.php(786): Illuminate\\Routing\\Router->runRouteWithinStack()
#17 /home/multsujh/lsapp/vendor/laravel/framework/src/Illuminate/Routing/Router.php(750): Illuminate\\Routing\\Router->runRoute()
#18 /home/multsujh/lsapp/vendor/laravel/framework/src/Illuminate/Routing/Router.php(739): Illuminate\\Routing\\Router->dispatchToRoute()
#19 /home/multsujh/lsapp/vendor/laravel/framework/src/Illuminate/Foundation/Http/Kernel.php(201): Illuminate\\Routing\\Router->dispatch()
#20 /home/multsujh/lsapp/vendor/laravel/framework/src/Illuminate/Pipeline/Pipeline.php(144): Illuminate\\Foundation\\Http\\Kernel->Illuminate\\Foundation\\Http\\{closure}()
#21 /home/multsujh/lsapp/vendor/laravel/framework/src/Illuminate/Foundation/Http/Middleware/TransformsRequest.php(21): Illuminate\\Pipeline\\Pipeline->Illuminate\\Pipeline\\{closure}()
#22 /home/multsujh/lsapp/vendor/laravel/framework/src/Illuminate/Foundation/Http/Middleware/ConvertEmptyStringsToNull.php(31): Illuminate\\Foundation\\Http\\Middleware\\TransformsRequest->handle()
#23 /home/multsujh/lsapp/vendor/laravel/framework/src/Illuminate/Pipeline/Pipeline.php(183): Illuminate\\Foundation\\Http\\Middleware\\ConvertEmptyStringsToNull->handle()
#24 /home/multsujh/lsapp/vendor/laravel/framework/src/Illuminate/Foundation/Http/Middleware/TransformsRequest.php(21): Illuminate\\Pipeline\\Pipeline->Illuminate\\Pipeline\\{closure}()
#25 /home/multsujh/lsapp/vendor/laravel/framework/src/Illuminate/Foundation/Http/Middleware/TrimStrings.php(51): Illuminate\\Foundation\\Http\\Middleware\\TransformsRequest->handle()
#26 /home/multsujh/lsapp/vendor/laravel/framework/src/Illuminate/Pipeline/Pipeline.php(183): Illuminate\\Foundation\\Http\\Middleware\\TrimStrings->handle()
#27 /home/multsujh/lsapp/vendor/laravel/framework/src/Illuminate/Http/Middleware/ValidatePostSize.php(27): Illuminate\\Pipeline\\Pipeline->Illuminate\\Pipeline\\{closure}()
#28 /home/multsujh/lsapp/vendor/laravel/framework/src/Illuminate/Pipeline/Pipeline.php(183): Illuminate\\Http\\Middleware\\ValidatePostSize->handle()
#29 /home/multsujh/lsapp/vendor/laravel/framework/src/Illuminate/Foundation/Http/Middleware/PreventRequestsDuringMaintenance.php(110): Illuminate\\Pipeline\\Pipeline->Illuminate\\Pipeline\\{closure}()
#30 /home/multsujh/lsapp/vendor/laravel/framework/src/Illuminate/Pipeline/Pipeline.php(183): Illuminate\\Foundation\\Http\\Middleware\\PreventRequestsDuringMaintenance->handle()
#31 /home/multsujh/lsapp/vendor/laravel/framework/src/Illuminate/Http/Middleware/HandleCors.php(62): Illuminate\\Pipeline\\Pipeline->Illuminate\\Pipeline\\{closure}()
#32 /home/multsujh/lsapp/vendor/laravel/framework/src/Illuminate/Pipeline/Pipeline.php(183): Illuminate\\Http\\Middleware\\HandleCors->handle()
#33 /home/multsujh/lsapp/vendor/laravel/framework/src/Illuminate/Http/Middleware/TrustProxies.php(58): Illuminate\\Pipeline\\Pipeline->Illuminate\\Pipeline\\{closure}()
#34 /home/multsujh/lsapp/vendor/laravel/framework/src/Illuminate/Pipeline/Pipeline.php(183): Illuminate\\Http\\Middleware\\TrustProxies->handle()
#35 /home/multsujh/lsapp/vendor/laravel/framework/src/Illuminate/Foundation/Http/Middleware/InvokeDeferredCallbacks.php(22): Illuminate\\Pipeline\\Pipeline->Illuminate\\Pipeline\\{closure}()
#36 /home/multsujh/lsapp/vendor/laravel/framework/src/Illuminate/Pipeline/Pipeline.php(183): Illuminate\\Foundation\\Http\\Middleware\\InvokeDeferredCallbacks->handle()
#37 /home/multsujh/lsapp/vendor/laravel/framework/src/Illuminate/Pipeline/Pipeline.php(119): Illuminate\\Pipeline\\Pipeline->Illuminate\\Pipeline\\{closure}()
#38 /home/multsujh/lsapp/vendor/laravel/framework/src/Illuminate/Foundation/Http/Kernel.php(176): Illuminate\\Pipeline\\Pipeline->then()
#39 /home/multsujh/lsapp/vendor/laravel/framework/src/Illuminate/Foundation/Http/Kernel.php(145): Illuminate\\Foundation\\Http\\Kernel->sendRequestThroughRouter()
#40 /home/multsujh/lsapp/vendor/laravel/framework/src/Illuminate/Foundation/Application.php(1188): Illuminate\\Foundation\\Http\\Kernel->handle()
#41 /home/multsujh/backend.multimilla.com/index.php(17): Illuminate\\Foundation\\Application->handleRequest()
#42 {main}"} 
[2025-09-12 00:22:45] local.ERROR: Failed to verify bank account {"status":404,"response":"{\"requestSuccessful\":false,\"responseMessage\":\"Invalid account details supplied\",\"responseCode\":\"99\"}"} 
[2025-09-24 13:53:06] local.ERROR: Account verification failed {"error":"The account number field must be 10 characters.","trace":"#0 /home/multsujh/lsapp/vendor/laravel/framework/src/Illuminate/Validation/Validator.php(536): throw_if()
#1 /home/multsujh/lsapp/vendor/laravel/framework/src/Illuminate/Foundation/Providers/FoundationServiceProvider.php(153): Illuminate\\Validation\\Validator->validate()
#2 /home/multsujh/lsapp/vendor/laravel/framework/src/Illuminate/Macroable/Traits/Macroable.php(126): Illuminate\\Http\\Request->Illuminate\\Foundation\\Providers\\{closure}()
#3 /home/multsujh/lsapp/app/Http/Controllers/Api/V1/CustomerController.php(705): Illuminate\\Http\\Request->__call()
#4 /home/multsujh/lsapp/vendor/laravel/framework/src/Illuminate/Routing/ControllerDispatcher.php(46): App\\Http\\Controllers\\Api\\V1\\CustomerController->verifyBankAccount()
#5 /home/multsujh/lsapp/vendor/laravel/framework/src/Illuminate/Routing/Route.php(264): Illuminate\\Routing\\ControllerDispatcher->dispatch()
#6 /home/multsujh/lsapp/vendor/laravel/framework/src/Illuminate/Routing/Route.php(210): Illuminate\\Routing\\Route->runController()
#7 /home/multsujh/lsapp/vendor/laravel/framework/src/Illuminate/Routing/Router.php(808): Illuminate\\Routing\\Route->run()
#8 /home/multsujh/lsapp/vendor/laravel/framework/src/Illuminate/Pipeline/Pipeline.php(144): Illuminate\\Routing\\Router->Illuminate\\Routing\\{closure}()
#9 /home/multsujh/lsapp/vendor/laravel/framework/src/Illuminate/Routing/Middleware/SubstituteBindings.php(51): Illuminate\\Pipeline\\Pipeline->Illuminate\\Pipeline\\{closure}()
#10 /home/multsujh/lsapp/vendor/laravel/framework/src/Illuminate/Pipeline/Pipeline.php(183): Illuminate\\Routing\\Middleware\\SubstituteBindings->handle()
#11 /home/multsujh/lsapp/vendor/laravel/framework/src/Illuminate/Auth/Middleware/Authenticate.php(64): Illuminate\\Pipeline\\Pipeline->Illuminate\\Pipeline\\{closure}()
#12 /home/multsujh/lsapp/vendor/laravel/framework/src/Illuminate/Pipeline/Pipeline.php(183): Illuminate\\Auth\\Middleware\\Authenticate->handle()
#13 /home/multsujh/lsapp/vendor/laravel/framework/src/Illuminate/Pipeline/Pipeline.php(119): Illuminate\\Pipeline\\Pipeline->Illuminate\\Pipeline\\{closure}()
#14 /home/multsujh/lsapp/vendor/laravel/framework/src/Illuminate/Routing/Router.php(807): Illuminate\\Pipeline\\Pipeline->then()
#15 /home/multsujh/lsapp/vendor/laravel/framework/src/Illuminate/Routing/Router.php(786): Illuminate\\Routing\\Router->runRouteWithinStack()
#16 /home/multsujh/lsapp/vendor/laravel/framework/src/Illuminate/Routing/Router.php(750): Illuminate\\Routing\\Router->runRoute()
#17 /home/multsujh/lsapp/vendor/laravel/framework/src/Illuminate/Routing/Router.php(739): Illuminate\\Routing\\Router->dispatchToRoute()
#18 /home/multsujh/lsapp/vendor/laravel/framework/src/Illuminate/Foundation/Http/Kernel.php(201): Illuminate\\Routing\\Router->dispatch()
#19 /home/multsujh/lsapp/vendor/laravel/framework/src/Illuminate/Pipeline/Pipeline.php(144): Illuminate\\Foundation\\Http\\Kernel->Illuminate\\Foundation\\Http\\{closure}()
#20 /home/multsujh/lsapp/vendor/laravel/framework/src/Illuminate/Foundation/Http/Middleware/TransformsRequest.php(21): Illuminate\\Pipeline\\Pipeline->Illuminate\\Pipeline\\{closure}()
#21 /home/multsujh/lsapp/vendor/laravel/framework/src/Illuminate/Foundation/Http/Middleware/ConvertEmptyStringsToNull.php(31): Illuminate\\Foundation\\Http\\Middleware\\TransformsRequest->handle()
#22 /home/multsujh/lsapp/vendor/laravel/framework/src/Illuminate/Pipeline/Pipeline.php(183): Illuminate\\Foundation\\Http\\Middleware\\ConvertEmptyStringsToNull->handle()
#23 /home/multsujh/lsapp/vendor/laravel/framework/src/Illuminate/Foundation/Http/Middleware/TransformsRequest.php(21): Illuminate\\Pipeline\\Pipeline->Illuminate\\Pipeline\\{closure}()
#24 /home/multsujh/lsapp/vendor/laravel/framework/src/Illuminate/Foundation/Http/Middleware/TrimStrings.php(51): Illuminate\\Foundation\\Http\\Middleware\\TransformsRequest->handle()
#25 /home/multsujh/lsapp/vendor/laravel/framework/src/Illuminate/Pipeline/Pipeline.php(183): Illuminate\\Foundation\\Http\\Middleware\\TrimStrings->handle()
#26 /home/multsujh/lsapp/vendor/laravel/framework/src/Illuminate/Http/Middleware/ValidatePostSize.php(27): Illuminate\\Pipeline\\Pipeline->Illuminate\\Pipeline\\{closure}()
#27 /home/multsujh/lsapp/vendor/laravel/framework/src/Illuminate/Pipeline/Pipeline.php(183): Illuminate\\Http\\Middleware\\ValidatePostSize->handle()
#28 /home/multsujh/lsapp/vendor/laravel/framework/src/Illuminate/Foundation/Http/Middleware/PreventRequestsDuringMaintenance.php(110): Illuminate\\Pipeline\\Pipeline->Illuminate\\Pipeline\\{closure}()
#29 /home/multsujh/lsapp/vendor/laravel/framework/src/Illuminate/Pipeline/Pipeline.php(183): Illuminate\\Foundation\\Http\\Middleware\\PreventRequestsDuringMaintenance->handle()
#30 /home/multsujh/lsapp/vendor/laravel/framework/src/Illuminate/Http/Middleware/HandleCors.php(62): Illuminate\\Pipeline\\Pipeline->Illuminate\\Pipeline\\{closure}()
#31 /home/multsujh/lsapp/vendor/laravel/framework/src/Illuminate/Pipeline/Pipeline.php(183): Illuminate\\Http\\Middleware\\HandleCors->handle()
#32 /home/multsujh/lsapp/vendor/laravel/framework/src/Illuminate/Http/Middleware/TrustProxies.php(58): Illuminate\\Pipeline\\Pipeline->Illuminate\\Pipeline\\{closure}()
#33 /home/multsujh/lsapp/vendor/laravel/framework/src/Illuminate/Pipeline/Pipeline.php(183): Illuminate\\Http\\Middleware\\TrustProxies->handle()
#34 /home/multsujh/lsapp/vendor/laravel/framework/src/Illuminate/Foundation/Http/Middleware/InvokeDeferredCallbacks.php(22): Illuminate\\Pipeline\\Pipeline->Illuminate\\Pipeline\\{closure}()
#35 /home/multsujh/lsapp/vendor/laravel/framework/src/Illuminate/Pipeline/Pipeline.php(183): Illuminate\\Foundation\\Http\\Middleware\\InvokeDeferredCallbacks->handle()
#36 /home/multsujh/lsapp/vendor/laravel/framework/src/Illuminate/Pipeline/Pipeline.php(119): Illuminate\\Pipeline\\Pipeline->Illuminate\\Pipeline\\{closure}()
#37 /home/multsujh/lsapp/vendor/laravel/framework/src/Illuminate/Foundation/Http/Kernel.php(176): Illuminate\\Pipeline\\Pipeline->then()
#38 /home/multsujh/lsapp/vendor/laravel/framework/src/Illuminate/Foundation/Http/Kernel.php(145): Illuminate\\Foundation\\Http\\Kernel->sendRequestThroughRouter()
#39 /home/multsujh/lsapp/vendor/laravel/framework/src/Illuminate/Foundation/Application.php(1188): Illuminate\\Foundation\\Http\\Kernel->handle()
#40 /home/multsujh/backend.multimilla.com/index.php(17): Illuminate\\Foundation\\Application->handleRequest()
#41 {main}"} 
[2025-09-25 06:35:08] local.ERROR: Unsupported operand types: int + App\Models\Transaction {"userId":1,"exception":"[object] (TypeError(code: 0): Unsupported operand types: int + App\\Models\\Transaction at /home/multsujh/lsapp/vendor/laravel/framework/src/Illuminate/Collections/Traits/EnumeratesValues.php:552)
[stacktrace]
#0 /home/multsujh/lsapp/vendor/laravel/framework/src/Illuminate/Collections/Traits/EnumeratesValues.php(818): Illuminate\\Support\\Collection->Illuminate\\Support\\Traits\\{closure}()
#1 /home/multsujh/lsapp/vendor/laravel/framework/src/Illuminate/Collections/Traits/EnumeratesValues.php(552): Illuminate\\Support\\Collection->reduce()
#2 /home/multsujh/lsapp/app/Http/Resources/AdminResource.php(26): Illuminate\\Support\\Collection->sum()
#3 /home/multsujh/lsapp/vendor/laravel/framework/src/Illuminate/Http/Resources/Json/JsonResource.php(108): App\\Http\\Resources\\AdminResource->toArray()
#4 /home/multsujh/lsapp/vendor/laravel/framework/src/Illuminate/Http/Resources/Json/ResourceResponse.php(39): Illuminate\\Http\\Resources\\Json\\JsonResource->resolve()
#5 /home/multsujh/lsapp/vendor/laravel/framework/src/Illuminate/Http/Resources/Json/JsonResource.php(245): Illuminate\\Http\\Resources\\Json\\ResourceResponse->toResponse()
#6 /home/multsujh/lsapp/vendor/laravel/framework/src/Illuminate/Routing/Router.php(902): Illuminate\\Http\\Resources\\Json\\JsonResource->toResponse()
#7 /home/multsujh/lsapp/vendor/laravel/framework/src/Illuminate/Routing/Router.php(887): Illuminate\\Routing\\Router::toResponse()
#8 /home/multsujh/lsapp/vendor/laravel/framework/src/Illuminate/Routing/Router.php(807): Illuminate\\Routing\\Router->prepareResponse()
#9 /home/multsujh/lsapp/vendor/laravel/framework/src/Illuminate/Pipeline/Pipeline.php(144): Illuminate\\Routing\\Router->Illuminate\\Routing\\{closure}()
#10 /home/multsujh/lsapp/vendor/laravel/framework/src/Illuminate/Routing/Middleware/SubstituteBindings.php(51): Illuminate\\Pipeline\\Pipeline->Illuminate\\Pipeline\\{closure}()
#11 /home/multsujh/lsapp/vendor/laravel/framework/src/Illuminate/Pipeline/Pipeline.php(183): Illuminate\\Routing\\Middleware\\SubstituteBindings->handle()
#12 /home/multsujh/lsapp/vendor/laravel/framework/src/Illuminate/Auth/Middleware/Authenticate.php(64): Illuminate\\Pipeline\\Pipeline->Illuminate\\Pipeline\\{closure}()
#13 /home/multsujh/lsapp/vendor/laravel/framework/src/Illuminate/Pipeline/Pipeline.php(183): Illuminate\\Auth\\Middleware\\Authenticate->handle()
#14 /home/multsujh/lsapp/vendor/laravel/framework/src/Illuminate/Pipeline/Pipeline.php(119): Illuminate\\Pipeline\\Pipeline->Illuminate\\Pipeline\\{closure}()
#15 /home/multsujh/lsapp/vendor/laravel/framework/src/Illuminate/Routing/Router.php(807): Illuminate\\Pipeline\\Pipeline->then()
#16 /home/multsujh/lsapp/vendor/laravel/framework/src/Illuminate/Routing/Router.php(786): Illuminate\\Routing\\Router->runRouteWithinStack()
#17 /home/multsujh/lsapp/vendor/laravel/framework/src/Illuminate/Routing/Router.php(750): Illuminate\\Routing\\Router->runRoute()
#18 /home/multsujh/lsapp/vendor/laravel/framework/src/Illuminate/Routing/Router.php(739): Illuminate\\Routing\\Router->dispatchToRoute()
#19 /home/multsujh/lsapp/vendor/laravel/framework/src/Illuminate/Foundation/Http/Kernel.php(201): Illuminate\\Routing\\Router->dispatch()
#20 /home/multsujh/lsapp/vendor/laravel/framework/src/Illuminate/Pipeline/Pipeline.php(144): Illuminate\\Foundation\\Http\\Kernel->Illuminate\\Foundation\\Http\\{closure}()
#21 /home/multsujh/lsapp/vendor/laravel/framework/src/Illuminate/Foundation/Http/Middleware/TransformsRequest.php(21): Illuminate\\Pipeline\\Pipeline->Illuminate\\Pipeline\\{closure}()
#22 /home/multsujh/lsapp/vendor/laravel/framework/src/Illuminate/Foundation/Http/Middleware/ConvertEmptyStringsToNull.php(31): Illuminate\\Foundation\\Http\\Middleware\\TransformsRequest->handle()
#23 /home/multsujh/lsapp/vendor/laravel/framework/src/Illuminate/Pipeline/Pipeline.php(183): Illuminate\\Foundation\\Http\\Middleware\\ConvertEmptyStringsToNull->handle()
#24 /home/multsujh/lsapp/vendor/laravel/framework/src/Illuminate/Foundation/Http/Middleware/TransformsRequest.php(21): Illuminate\\Pipeline\\Pipeline->Illuminate\\Pipeline\\{closure}()
#25 /home/multsujh/lsapp/vendor/laravel/framework/src/Illuminate/Foundation/Http/Middleware/TrimStrings.php(51): Illuminate\\Foundation\\Http\\Middleware\\TransformsRequest->handle()
#26 /home/multsujh/lsapp/vendor/laravel/framework/src/Illuminate/Pipeline/Pipeline.php(183): Illuminate\\Foundation\\Http\\Middleware\\TrimStrings->handle()
#27 /home/multsujh/lsapp/vendor/laravel/framework/src/Illuminate/Http/Middleware/ValidatePostSize.php(27): Illuminate\\Pipeline\\Pipeline->Illuminate\\Pipeline\\{closure}()
#28 /home/multsujh/lsapp/vendor/laravel/framework/src/Illuminate/Pipeline/Pipeline.php(183): Illuminate\\Http\\Middleware\\ValidatePostSize->handle()
#29 /home/multsujh/lsapp/vendor/laravel/framework/src/Illuminate/Foundation/Http/Middleware/PreventRequestsDuringMaintenance.php(110): Illuminate\\Pipeline\\Pipeline->Illuminate\\Pipeline\\{closure}()
#30 /home/multsujh/lsapp/vendor/laravel/framework/src/Illuminate/Pipeline/Pipeline.php(183): Illuminate\\Foundation\\Http\\Middleware\\PreventRequestsDuringMaintenance->handle()
#31 /home/multsujh/lsapp/vendor/laravel/framework/src/Illuminate/Http/Middleware/HandleCors.php(62): Illuminate\\Pipeline\\Pipeline->Illuminate\\Pipeline\\{closure}()
#32 /home/multsujh/lsapp/vendor/laravel/framework/src/Illuminate/Pipeline/Pipeline.php(183): Illuminate\\Http\\Middleware\\HandleCors->handle()
#33 /home/multsujh/lsapp/vendor/laravel/framework/src/Illuminate/Http/Middleware/TrustProxies.php(58): Illuminate\\Pipeline\\Pipeline->Illuminate\\Pipeline\\{closure}()
#34 /home/multsujh/lsapp/vendor/laravel/framework/src/Illuminate/Pipeline/Pipeline.php(183): Illuminate\\Http\\Middleware\\TrustProxies->handle()
#35 /home/multsujh/lsapp/vendor/laravel/framework/src/Illuminate/Foundation/Http/Middleware/InvokeDeferredCallbacks.php(22): Illuminate\\Pipeline\\Pipeline->Illuminate\\Pipeline\\{closure}()
#36 /home/multsujh/lsapp/vendor/laravel/framework/src/Illuminate/Pipeline/Pipeline.php(183): Illuminate\\Foundation\\Http\\Middleware\\InvokeDeferredCallbacks->handle()
#37 /home/multsujh/lsapp/vendor/laravel/framework/src/Illuminate/Pipeline/Pipeline.php(119): Illuminate\\Pipeline\\Pipeline->Illuminate\\Pipeline\\{closure}()
#38 /home/multsujh/lsapp/vendor/laravel/framework/src/Illuminate/Foundation/Http/Kernel.php(176): Illuminate\\Pipeline\\Pipeline->then()
#39 /home/multsujh/lsapp/vendor/laravel/framework/src/Illuminate/Foundation/Http/Kernel.php(145): Illuminate\\Foundation\\Http\\Kernel->sendRequestThroughRouter()
#40 /home/multsujh/lsapp/vendor/laravel/framework/src/Illuminate/Foundation/Application.php(1188): Illuminate\\Foundation\\Http\\Kernel->handle()
#41 /home/multsujh/backend.multimilla.com/index.php(17): Illuminate\\Foundation\\Application->handleRequest()
#42 {main}
"} 
[2025-09-25 06:35:52] local.ERROR: Unsupported operand types: int + App\Models\Transaction {"userId":1,"exception":"[object] (TypeError(code: 0): Unsupported operand types: int + App\\Models\\Transaction at /home/multsujh/lsapp/vendor/laravel/framework/src/Illuminate/Collections/Traits/EnumeratesValues.php:552)
[stacktrace]
#0 /home/multsujh/lsapp/vendor/laravel/framework/src/Illuminate/Collections/Traits/EnumeratesValues.php(818): Illuminate\\Support\\Collection->Illuminate\\Support\\Traits\\{closure}()
#1 /home/multsujh/lsapp/vendor/laravel/framework/src/Illuminate/Collections/Traits/EnumeratesValues.php(552): Illuminate\\Support\\Collection->reduce()
#2 /home/multsujh/lsapp/app/Http/Resources/AdminResource.php(26): Illuminate\\Support\\Collection->sum()
#3 /home/multsujh/lsapp/vendor/laravel/framework/src/Illuminate/Http/Resources/Json/JsonResource.php(108): App\\Http\\Resources\\AdminResource->toArray()
#4 /home/multsujh/lsapp/vendor/laravel/framework/src/Illuminate/Http/Resources/Json/ResourceResponse.php(39): Illuminate\\Http\\Resources\\Json\\JsonResource->resolve()
#5 /home/multsujh/lsapp/vendor/laravel/framework/src/Illuminate/Http/Resources/Json/JsonResource.php(245): Illuminate\\Http\\Resources\\Json\\ResourceResponse->toResponse()
#6 /home/multsujh/lsapp/vendor/laravel/framework/src/Illuminate/Routing/Router.php(902): Illuminate\\Http\\Resources\\Json\\JsonResource->toResponse()
#7 /home/multsujh/lsapp/vendor/laravel/framework/src/Illuminate/Routing/Router.php(887): Illuminate\\Routing\\Router::toResponse()
#8 /home/multsujh/lsapp/vendor/laravel/framework/src/Illuminate/Routing/Router.php(807): Illuminate\\Routing\\Router->prepareResponse()
#9 /home/multsujh/lsapp/vendor/laravel/framework/src/Illuminate/Pipeline/Pipeline.php(144): Illuminate\\Routing\\Router->Illuminate\\Routing\\{closure}()
#10 /home/multsujh/lsapp/vendor/laravel/framework/src/Illuminate/Routing/Middleware/SubstituteBindings.php(51): Illuminate\\Pipeline\\Pipeline->Illuminate\\Pipeline\\{closure}()
#11 /home/multsujh/lsapp/vendor/laravel/framework/src/Illuminate/Pipeline/Pipeline.php(183): Illuminate\\Routing\\Middleware\\SubstituteBindings->handle()
#12 /home/multsujh/lsapp/vendor/laravel/framework/src/Illuminate/Auth/Middleware/Authenticate.php(64): Illuminate\\Pipeline\\Pipeline->Illuminate\\Pipeline\\{closure}()
#13 /home/multsujh/lsapp/vendor/laravel/framework/src/Illuminate/Pipeline/Pipeline.php(183): Illuminate\\Auth\\Middleware\\Authenticate->handle()
#14 /home/multsujh/lsapp/vendor/laravel/framework/src/Illuminate/Pipeline/Pipeline.php(119): Illuminate\\Pipeline\\Pipeline->Illuminate\\Pipeline\\{closure}()
#15 /home/multsujh/lsapp/vendor/laravel/framework/src/Illuminate/Routing/Router.php(807): Illuminate\\Pipeline\\Pipeline->then()
#16 /home/multsujh/lsapp/vendor/laravel/framework/src/Illuminate/Routing/Router.php(786): Illuminate\\Routing\\Router->runRouteWithinStack()
#17 /home/multsujh/lsapp/vendor/laravel/framework/src/Illuminate/Routing/Router.php(750): Illuminate\\Routing\\Router->runRoute()
#18 /home/multsujh/lsapp/vendor/laravel/framework/src/Illuminate/Routing/Router.php(739): Illuminate\\Routing\\Router->dispatchToRoute()
#19 /home/multsujh/lsapp/vendor/laravel/framework/src/Illuminate/Foundation/Http/Kernel.php(201): Illuminate\\Routing\\Router->dispatch()
#20 /home/multsujh/lsapp/vendor/laravel/framework/src/Illuminate/Pipeline/Pipeline.php(144): Illuminate\\Foundation\\Http\\Kernel->Illuminate\\Foundation\\Http\\{closure}()
#21 /home/multsujh/lsapp/vendor/laravel/framework/src/Illuminate/Foundation/Http/Middleware/TransformsRequest.php(21): Illuminate\\Pipeline\\Pipeline->Illuminate\\Pipeline\\{closure}()
#22 /home/multsujh/lsapp/vendor/laravel/framework/src/Illuminate/Foundation/Http/Middleware/ConvertEmptyStringsToNull.php(31): Illuminate\\Foundation\\Http\\Middleware\\TransformsRequest->handle()
#23 /home/multsujh/lsapp/vendor/laravel/framework/src/Illuminate/Pipeline/Pipeline.php(183): Illuminate\\Foundation\\Http\\Middleware\\ConvertEmptyStringsToNull->handle()
#24 /home/multsujh/lsapp/vendor/laravel/framework/src/Illuminate/Foundation/Http/Middleware/TransformsRequest.php(21): Illuminate\\Pipeline\\Pipeline->Illuminate\\Pipeline\\{closure}()
#25 /home/multsujh/lsapp/vendor/laravel/framework/src/Illuminate/Foundation/Http/Middleware/TrimStrings.php(51): Illuminate\\Foundation\\Http\\Middleware\\TransformsRequest->handle()
#26 /home/multsujh/lsapp/vendor/laravel/framework/src/Illuminate/Pipeline/Pipeline.php(183): Illuminate\\Foundation\\Http\\Middleware\\TrimStrings->handle()
#27 /home/multsujh/lsapp/vendor/laravel/framework/src/Illuminate/Http/Middleware/ValidatePostSize.php(27): Illuminate\\Pipeline\\Pipeline->Illuminate\\Pipeline\\{closure}()
#28 /home/multsujh/lsapp/vendor/laravel/framework/src/Illuminate/Pipeline/Pipeline.php(183): Illuminate\\Http\\Middleware\\ValidatePostSize->handle()
#29 /home/multsujh/lsapp/vendor/laravel/framework/src/Illuminate/Foundation/Http/Middleware/PreventRequestsDuringMaintenance.php(110): Illuminate\\Pipeline\\Pipeline->Illuminate\\Pipeline\\{closure}()
#30 /home/multsujh/lsapp/vendor/laravel/framework/src/Illuminate/Pipeline/Pipeline.php(183): Illuminate\\Foundation\\Http\\Middleware\\PreventRequestsDuringMaintenance->handle()
#31 /home/multsujh/lsapp/vendor/laravel/framework/src/Illuminate/Http/Middleware/HandleCors.php(62): Illuminate\\Pipeline\\Pipeline->Illuminate\\Pipeline\\{closure}()
#32 /home/multsujh/lsapp/vendor/laravel/framework/src/Illuminate/Pipeline/Pipeline.php(183): Illuminate\\Http\\Middleware\\HandleCors->handle()
#33 /home/multsujh/lsapp/vendor/laravel/framework/src/Illuminate/Http/Middleware/TrustProxies.php(58): Illuminate\\Pipeline\\Pipeline->Illuminate\\Pipeline\\{closure}()
#34 /home/multsujh/lsapp/vendor/laravel/framework/src/Illuminate/Pipeline/Pipeline.php(183): Illuminate\\Http\\Middleware\\TrustProxies->handle()
#35 /home/multsujh/lsapp/vendor/laravel/framework/src/Illuminate/Foundation/Http/Middleware/InvokeDeferredCallbacks.php(22): Illuminate\\Pipeline\\Pipeline->Illuminate\\Pipeline\\{closure}()
#36 /home/multsujh/lsapp/vendor/laravel/framework/src/Illuminate/Pipeline/Pipeline.php(183): Illuminate\\Foundation\\Http\\Middleware\\InvokeDeferredCallbacks->handle()
#37 /home/multsujh/lsapp/vendor/laravel/framework/src/Illuminate/Pipeline/Pipeline.php(119): Illuminate\\Pipeline\\Pipeline->Illuminate\\Pipeline\\{closure}()
#38 /home/multsujh/lsapp/vendor/laravel/framework/src/Illuminate/Foundation/Http/Kernel.php(176): Illuminate\\Pipeline\\Pipeline->then()
#39 /home/multsujh/lsapp/vendor/laravel/framework/src/Illuminate/Foundation/Http/Kernel.php(145): Illuminate\\Foundation\\Http\\Kernel->sendRequestThroughRouter()
#40 /home/multsujh/lsapp/vendor/laravel/framework/src/Illuminate/Foundation/Application.php(1188): Illuminate\\Foundation\\Http\\Kernel->handle()
#41 /home/multsujh/backend.multimilla.com/index.php(17): Illuminate\\Foundation\\Application->handleRequest()
#42 {main}
"} 
[2025-10-04 01:12:51] local.ERROR: Account verification failed {"error":"The account number field must be 10 characters.","trace":"#0 /home/multsujh/lsapp/vendor/laravel/framework/src/Illuminate/Validation/Validator.php(536): throw_if()
#1 /home/multsujh/lsapp/vendor/laravel/framework/src/Illuminate/Foundation/Providers/FoundationServiceProvider.php(153): Illuminate\\Validation\\Validator->validate()
#2 /home/multsujh/lsapp/vendor/laravel/framework/src/Illuminate/Macroable/Traits/Macroable.php(126): Illuminate\\Http\\Request->Illuminate\\Foundation\\Providers\\{closure}()
#3 /home/multsujh/lsapp/app/Http/Controllers/Api/V1/CustomerController.php(705): Illuminate\\Http\\Request->__call()
#4 /home/multsujh/lsapp/vendor/laravel/framework/src/Illuminate/Routing/ControllerDispatcher.php(46): App\\Http\\Controllers\\Api\\V1\\CustomerController->verifyBankAccount()
#5 /home/multsujh/lsapp/vendor/laravel/framework/src/Illuminate/Routing/Route.php(264): Illuminate\\Routing\\ControllerDispatcher->dispatch()
#6 /home/multsujh/lsapp/vendor/laravel/framework/src/Illuminate/Routing/Route.php(210): Illuminate\\Routing\\Route->runController()
#7 /home/multsujh/lsapp/vendor/laravel/framework/src/Illuminate/Routing/Router.php(808): Illuminate\\Routing\\Route->run()
#8 /home/multsujh/lsapp/vendor/laravel/framework/src/Illuminate/Pipeline/Pipeline.php(144): Illuminate\\Routing\\Router->Illuminate\\Routing\\{closure}()
#9 /home/multsujh/lsapp/vendor/laravel/framework/src/Illuminate/Routing/Middleware/SubstituteBindings.php(51): Illuminate\\Pipeline\\Pipeline->Illuminate\\Pipeline\\{closure}()
#10 /home/multsujh/lsapp/vendor/laravel/framework/src/Illuminate/Pipeline/Pipeline.php(183): Illuminate\\Routing\\Middleware\\SubstituteBindings->handle()
#11 /home/multsujh/lsapp/vendor/laravel/framework/src/Illuminate/Auth/Middleware/Authenticate.php(64): Illuminate\\Pipeline\\Pipeline->Illuminate\\Pipeline\\{closure}()
#12 /home/multsujh/lsapp/vendor/laravel/framework/src/Illuminate/Pipeline/Pipeline.php(183): Illuminate\\Auth\\Middleware\\Authenticate->handle()
#13 /home/multsujh/lsapp/vendor/laravel/framework/src/Illuminate/Pipeline/Pipeline.php(119): Illuminate\\Pipeline\\Pipeline->Illuminate\\Pipeline\\{closure}()
#14 /home/multsujh/lsapp/vendor/laravel/framework/src/Illuminate/Routing/Router.php(807): Illuminate\\Pipeline\\Pipeline->then()
#15 /home/multsujh/lsapp/vendor/laravel/framework/src/Illuminate/Routing/Router.php(786): Illuminate\\Routing\\Router->runRouteWithinStack()
#16 /home/multsujh/lsapp/vendor/laravel/framework/src/Illuminate/Routing/Router.php(750): Illuminate\\Routing\\Router->runRoute()
#17 /home/multsujh/lsapp/vendor/laravel/framework/src/Illuminate/Routing/Router.php(739): Illuminate\\Routing\\Router->dispatchToRoute()
#18 /home/multsujh/lsapp/vendor/laravel/framework/src/Illuminate/Foundation/Http/Kernel.php(201): Illuminate\\Routing\\Router->dispatch()
#19 /home/multsujh/lsapp/vendor/laravel/framework/src/Illuminate/Pipeline/Pipeline.php(144): Illuminate\\Foundation\\Http\\Kernel->Illuminate\\Foundation\\Http\\{closure}()
#20 /home/multsujh/lsapp/vendor/laravel/framework/src/Illuminate/Foundation/Http/Middleware/TransformsRequest.php(21): Illuminate\\Pipeline\\Pipeline->Illuminate\\Pipeline\\{closure}()
#21 /home/multsujh/lsapp/vendor/laravel/framework/src/Illuminate/Foundation/Http/Middleware/ConvertEmptyStringsToNull.php(31): Illuminate\\Foundation\\Http\\Middleware\\TransformsRequest->handle()
#22 /home/multsujh/lsapp/vendor/laravel/framework/src/Illuminate/Pipeline/Pipeline.php(183): Illuminate\\Foundation\\Http\\Middleware\\ConvertEmptyStringsToNull->handle()
#23 /home/multsujh/lsapp/vendor/laravel/framework/src/Illuminate/Foundation/Http/Middleware/TransformsRequest.php(21): Illuminate\\Pipeline\\Pipeline->Illuminate\\Pipeline\\{closure}()
#24 /home/multsujh/lsapp/vendor/laravel/framework/src/Illuminate/Foundation/Http/Middleware/TrimStrings.php(51): Illuminate\\Foundation\\Http\\Middleware\\TransformsRequest->handle()
#25 /home/multsujh/lsapp/vendor/laravel/framework/src/Illuminate/Pipeline/Pipeline.php(183): Illuminate\\Foundation\\Http\\Middleware\\TrimStrings->handle()
#26 /home/multsujh/lsapp/vendor/laravel/framework/src/Illuminate/Http/Middleware/ValidatePostSize.php(27): Illuminate\\Pipeline\\Pipeline->Illuminate\\Pipeline\\{closure}()
#27 /home/multsujh/lsapp/vendor/laravel/framework/src/Illuminate/Pipeline/Pipeline.php(183): Illuminate\\Http\\Middleware\\ValidatePostSize->handle()
#28 /home/multsujh/lsapp/vendor/laravel/framework/src/Illuminate/Foundation/Http/Middleware/PreventRequestsDuringMaintenance.php(110): Illuminate\\Pipeline\\Pipeline->Illuminate\\Pipeline\\{closure}()
#29 /home/multsujh/lsapp/vendor/laravel/framework/src/Illuminate/Pipeline/Pipeline.php(183): Illuminate\\Foundation\\Http\\Middleware\\PreventRequestsDuringMaintenance->handle()
#30 /home/multsujh/lsapp/vendor/laravel/framework/src/Illuminate/Http/Middleware/HandleCors.php(62): Illuminate\\Pipeline\\Pipeline->Illuminate\\Pipeline\\{closure}()
#31 /home/multsujh/lsapp/vendor/laravel/framework/src/Illuminate/Pipeline/Pipeline.php(183): Illuminate\\Http\\Middleware\\HandleCors->handle()
#32 /home/multsujh/lsapp/vendor/laravel/framework/src/Illuminate/Http/Middleware/TrustProxies.php(58): Illuminate\\Pipeline\\Pipeline->Illuminate\\Pipeline\\{closure}()
#33 /home/multsujh/lsapp/vendor/laravel/framework/src/Illuminate/Pipeline/Pipeline.php(183): Illuminate\\Http\\Middleware\\TrustProxies->handle()
#34 /home/multsujh/lsapp/vendor/laravel/framework/src/Illuminate/Foundation/Http/Middleware/InvokeDeferredCallbacks.php(22): Illuminate\\Pipeline\\Pipeline->Illuminate\\Pipeline\\{closure}()
#35 /home/multsujh/lsapp/vendor/laravel/framework/src/Illuminate/Pipeline/Pipeline.php(183): Illuminate\\Foundation\\Http\\Middleware\\InvokeDeferredCallbacks->handle()
#36 /home/multsujh/lsapp/vendor/laravel/framework/src/Illuminate/Pipeline/Pipeline.php(119): Illuminate\\Pipeline\\Pipeline->Illuminate\\Pipeline\\{closure}()
#37 /home/multsujh/lsapp/vendor/laravel/framework/src/Illuminate/Foundation/Http/Kernel.php(176): Illuminate\\Pipeline\\Pipeline->then()
#38 /home/multsujh/lsapp/vendor/laravel/framework/src/Illuminate/Foundation/Http/Kernel.php(145): Illuminate\\Foundation\\Http\\Kernel->sendRequestThroughRouter()
#39 /home/multsujh/lsapp/vendor/laravel/framework/src/Illuminate/Foundation/Application.php(1188): Illuminate\\Foundation\\Http\\Kernel->handle()
#40 /home/multsujh/backend.multimilla.com/index.php(17): Illuminate\\Foundation\\Application->handleRequest()
#41 {main}"} 
